<Project Sdk="Microsoft.NET.Sdk">
  <PropertyGroup>
    <TargetFramework>net10.0</TargetFramework>
    <OutputType>Exe</OutputType>
    <RootNamespace>LegacyShop.Importador</RootNamespace>
    <AssemblyName>LegacyShop.Importador</AssemblyName>
    <Nullable>disable</Nullable>
    <ImplicitUsings>disable</ImplicitUsings>
    <GenerateAssemblyInfo>false</GenerateAssemblyInfo>
    <UserSecretsId>2ad6fe32-63d9-4a2d-b1ee-39fe227284cc</UserSecretsId>
    <AWSProjectType>Lambda</AWSProjectType>
    <GenerateRuntimeConfigurationFiles>true</GenerateRuntimeConfigurationFiles>
    <CopyLocalLockFileAssemblies>true</CopyLocalLockFileAssemblies>
  </PropertyGroup>

  <ItemGroup>
    <None Update="appsettings*.json" CopyToOutputDirectory="PreserveNewest" />
  </ItemGroup>

  <ItemGroup>
    <PackageReference Include="CsvHelper" Version="12.1.2" />
    <PackageReference Include="Microsoft.Data.SqlClient" Version="7.1.1" />
    <PackageReference Include="Microsoft.Exchange.WebServices" Version="2.2" />
    <PackageReference Include="Microsoft.Extensions.Configuration.EnvironmentVariables" Version="10.0.0" />
    <PackageReference Include="Microsoft.Extensions.Configuration.Json" Version="10.0.0" />
    <PackageReference Include="Amazon.Lambda.Core" Version="2.5.1" />
    <PackageReference Include="Amazon.Lambda.Serialization.SystemTextJson" Version="2.4.4" />
    <PackageReference Include="Amazon.Lambda.S3Events" Version="3.1.1" />
  </ItemGroup>

  <ItemGroup>
    <ProjectReference Include="..\LegacyShop.Core\LegacyShop.Core.csproj" />
  </ItemGroup>

</Project>
