<Project Sdk="Microsoft.NET.Sdk">
  <PropertyGroup>
    <TargetFramework>net10.0</TargetFramework>
    <RootNamespace>LegacyShop.Core</RootNamespace>
    <AssemblyName>LegacyShop.Core</AssemblyName>
    <Nullable>disable</Nullable>
    <ImplicitUsings>disable</ImplicitUsings>
    <GenerateAssemblyInfo>false</GenerateAssemblyInfo>
    <GenerateDocumentationFile>true</GenerateDocumentationFile>
  </PropertyGroup>

  <ItemGroup>
    <Compile Include="..\Shared\VersaoInfo.cs" Link="Properties\VersaoInfo.cs" />
    <None Remove="Sql\ConsultaDestaques.sql" />
    <EmbeddedResource Include="Sql\ConsultaDestaques.sql" />
  </ItemGroup>

  <ItemGroup>
    <PackageReference Include="Dapper" Version="1.50.5" />
    <PackageReference Include="EntityFramework" Version="6.5.1" />
    <PackageReference Include="Microsoft.Data.SqlClient" Version="7.1.1" />
    <PackageReference Include="Microsoft.Extensions.Configuration.Abstractions" Version="10.0.0" />
    <PackageReference Include="Newtonsoft.Json" Version="12.0.2" />
    <PackageReference Include="System.Runtime.Caching" Version="10.0.0" />
  </ItemGroup>
  <PropertyGroup>
    <SolutionDir Condition="'$(SolutionDir)' == '' Or '$(SolutionDir)' == '*Undefined*'">$(MSBuildProjectDirectory)\..\</SolutionDir>
  </PropertyGroup>

  <Target Name="PostBuild" AfterTargets="PostBuildEvent">
    <Exec Command="xcopy /y &quot;$(TargetDir)LegacyShop.Core.dll&quot; &quot;$(SolutionDir)artefatos\&quot;" />
  </Target>

</Project>
